\doxysection{Roots\+\_\+expected Struct Reference}
\hypertarget{struct_roots__expected}{}\label{struct_roots__expected}\index{Roots\_expected@{Roots\_expected}}


Structure for the expected roots.  




{\ttfamily \#include $<$test\+\_\+solve\+\_\+quadr.\+h$>$}



\doxysubsection{Detailed Description}
Structure for the expected roots. 

The documentation for this struct was generated from the following file\+:\begin{DoxyCompactItemize}
\item 
\mbox{\hyperlink{test__solve__quadr_8h}{test\+\_\+solve\+\_\+quadr.\+h}}\end{DoxyCompactItemize}
